EXTI_Driver.c:38:6:Enable_NVIC	16	static
EXTI_Driver.c:72:6:Disable_NVIC	16	static
EXTI_Driver.c:106:6:Update_EXTI	24	static
EXTI_Driver.c:167:6:MCAL_EXTI_GPIO_DeInit	4	static
EXTI_Driver.c:199:6:MCAL_EXTI_GPIO_Init	16	static
EXTI_Driver.c:215:6:MCAL_EXTI_GPIO_Update	16	static
EXTI_Driver.c:225:6:EXTI0_IRQHandler	8	static
EXTI_Driver.c:231:6:EXTI1_IRQHandler	8	static
EXTI_Driver.c:237:6:EXTI2_IRQHandler	8	static
EXTI_Driver.c:243:6:EXTI3_IRQHandler	8	static
EXTI_Driver.c:249:6:EXTI4_IRQHandler	8	static
EXTI_Driver.c:255:6:EXTI9_5_IRQHandler	8	static
EXTI_Driver.c:277:6:EXTI15_10_IRQHandler	8	static
